// Jest Snapshot v1, https://goo.gl/fbAQLP

exports[`Design System footer tests renders DSHeader 1`] = `
<div>
  <div
    class="ds-header"
  >
    <header>
      <div
        class="ds-px-4 sm:ds-container md:ds-flex-nowrap md:ds-flex-row ds-flex ds-flex-wrap ds-justify-between ds-items-center ds-mx-auto"
      >
        <a
          class="header-logo"
          href="#"
        >
          <img
            alt="Government of Canada"
            class="undefined ds-undefined"
            src="data:image/svg+xml;base64,PHN2ZyB3aWR0aD0iMzYwIiBoZWlnaHQ9IjM0IiB2aWV3Qm94PSIwIDAgMzYwIDM0IiBmaWxsPSJub25lIiB4bWxucz0iaHR0cDovL3d3dy53My5vcmcvMjAwMC9zdmciPgo8cGF0aCBkPSJNNjYuNjEyMyAzMy41MDNINDkuOTE3MVYwLjM0ODc1NUg2Ni42MTIzVjMzLjUwM1pNMzMuMzkwNSAyLjg4NjA3QzMzLjM5MDUgMi44ODYwNyAzMS4zNjY4IDYuOTQ1NzcgMzEuMDI5NSA3LjI4NDA4QzMwLjY5MjIgNy43OTE1NCAzMC41MjM2IDcuNzkxNTQgMzAuMDE3NyA3LjYyMjM5QzI5LjUxMTggNy4yODQwOCAyNy44MjU0IDYuNDM4MzEgMjcuODI1NCA2LjQzODMxQzI3LjgyNTQgNi40MzgzMSAyOS4zNDMxIDEzLjAzNTMgMjkuMzQzMSAxMy41NDI4QzI5LjUxMTggMTQuMDUwMiAyOS4wMDU5IDE0LjU1NzcgMjguMzMxMyAxNC4wNTAyQzI4LjE2MjcgMTMuODgxMSAyNS4yOTU4IDEwLjY2NzIgMjUuMjk1OCAxMC42NjcyQzI1LjI5NTggMTAuNjY3MiAyNC42MjEzIDEyLjE4OTUgMjQuNDUyNiAxMi41Mjc5QzI0LjI4NCAxMi44NjYyIDI0LjExNTMgMTMuMDM1MyAyMy43NzgxIDEyLjg2NjJDMjMuMjcyMSAxMi42OTcgMjAuNTczOSAxMi4xODk1IDIwLjU3MzkgMTIuMTg5NUMyMC41NzM5IDEyLjE4OTUgMjEuNTg1OCAxNS40MDM1IDIxLjc1NDQgMTUuOTEwOUMyMS45MjMgMTYuMjQ5MiAyMi4wOTE3IDE2LjU4NzYgMjEuNDE3MSAxNi45MjU5TDIwLjQwNTMgMTcuMjY0MkMyMC40MDUzIDE3LjI2NDIgMjUuOTcwNCAyMi4xNjk2IDI2LjEzOSAyMi4zMzg4QzI2LjQ3NjMgMjIuNjc3MSAyNi42NDQ5IDIyLjY3NzEgMjYuNDc2MyAyMy41MjI5QzI2LjEzOSAyNC4zNjg2IDI1Ljk3MDQgMjUuMzgzNiAyNS45NzA0IDI1LjM4MzZDMjUuOTcwNCAyNS4zODM2IDMxLjE5ODIgMjQuMTk5NSAzMS43MDQxIDI0LjE5OTVDMzIuMjEgMjQuMTk5NSAzMi43MTU5IDI0LjM2ODcgMzIuNzE1OSAyNC44NzYxQzMyLjcxNTkgMjUuMzgzNiAzMi4zNzg2IDMxLjEzNDggMzIuMzc4NiAzMS4xMzQ4SDM0LjA2NUMzNC4wNjUgMzEuMTM0OCAzMy43Mjc3IDI1LjU1MjcgMzMuNzI3NyAyNC44NzYxQzMzLjcyNzcgMjQuMzY4NyAzNC4yMzM3IDI0LjE5OTUgMzQuNzM5NiAyNC4xOTk1QzM1LjI0NTUgMjQuMzY4NiA0MC40NzMzIDI1LjM4MzYgNDAuNDczMyAyNS4zODM2QzQwLjQ3MzMgMjUuMzgzNiA0MC4xMzYgMjQuMTk5NSAzOS45Njc0IDIzLjUyMjlDMzkuNjMwMSAyMi42NzcxIDM5Ljk2NzQgMjIuNTA4IDQwLjMwNDcgMjIuMzM4OEM0MC40NzMzIDIyLjE2OTYgNDYuMDM4NCAxNy4yNjQyIDQ2LjAzODQgMTcuMjY0Mkw0NS4wMjY1IDE2LjkyNTlDNDQuNTIwNiAxNi41ODc2IDQ0LjY4OTMgMTYuMjQ5MiA0NC42ODkzIDE1LjkxMDlDNDQuODU3OSAxNS41NzI2IDQ1Ljg2OTcgMTIuMTg5NSA0NS44Njk3IDEyLjE4OTVDNDUuODY5NyAxMi4xODk1IDQzLjE3MTUgMTIuNjk3IDQyLjY2NTYgMTIuODY2MkM0Mi4zMjgzIDEzLjAzNTMgNDIuMTU5NyAxMi42OTcgNDEuOTkxIDEyLjUyNzlDNDEuODIyNCAxMi4xODk1IDQxLjE0NzkgMTAuNjY3MiA0MS4xNDc5IDEwLjY2NzJDNDEuMTQ3OSAxMC42NjcyIDM4LjI4MSAxNC4wNTAyIDM4LjExMjQgMTQuMDUwMkMzNy42MDY0IDE0LjM4ODYgMzYuOTMxOSAxNC4wNTAyIDM3LjEwMDUgMTMuNTQyOEMzNy4xMDA1IDEzLjAzNTMgMzguNjE4MyA2LjQzODMxIDM4LjYxODMgNi40MzgzMUMzOC42MTgzIDYuNDM4MzEgMzYuOTMxOSA3LjQ1MzIzIDM2LjQyNiA3LjYyMjM5QzM2LjA4ODcgNy45NjA2OSAzNS43NTE0IDcuOTYwNjkgMzUuNDE0MSA3LjI4NDA4QzM1LjQxNDEgNi43NzY2MSAzMy4zOTA1IDIuODg2MDcgMzMuMzkwNSAyLjg4NjA3Wk0xNi42OTUyIDMzLjUwM1YwLjM0ODc1NUgwVjMzLjUwM0gxNi42OTUyWiIgZmlsbD0iI0ZGMDAwMCIvPgo8cGF0aCBkPSJNMTA3Ljg4NSAxMy44NzA2SDEwNi4zNjdMMTA2LjAzIDEyLjM0ODNDMTA0LjY4MSAxMy44NzA2IDEwMy42NjkgMTQuMjA5IDEwMS45ODMgMTQuMjA5Qzk3LjkzNTUgMTQuMjA5IDk1LjU3NDYgMTAuOTk1IDk1LjU3NDYgNy4xMDQ0OEM5NS40MDYgMy4yMTM5MyA5Ny43NjY5IDAgMTAxLjgxNCAwQzEwNC44NSAwIDEwNy4yMTEgMS41MjIzOSAxMDcuNTQ4IDQuNTY3MTZIMTA1LjE4N0MxMDUuMDE4IDIuNzA2NDcgMTAzLjMzMiAxLjg2MDcgMTAxLjY0NiAxLjg2MDdDOTguNzc4NyAxLjg2MDcgOTcuNTk4MyA0LjM5ODAxIDk3LjU5ODMgNy4xMDQ0OEM5Ny41OTgzIDkuNjQxNzkgOTguNzc4NyAxMi4zNDgzIDEwMS42NDYgMTIuMzQ4M0MxMDQuMDA3IDEyLjM0ODMgMTA1LjM1NiAxMC45OTUgMTA1LjUyNCA4LjYyNjg3SDEwMS45ODNWNi43NjYxN0gxMDcuODg1VjEzLjg3MDZaTTEwOS43NCA4Ljk2NTE3QzEwOS43NCA1LjkyMDQgMTExLjU5NSAzLjcyMTM5IDExNC42MzEgMy43MjEzOUMxMTcuNjY2IDMuNzIxMzkgMTE5LjUyMSA1LjkyMDQgMTE5LjUyMSA4Ljk2NTE3QzExOS41MjEgMTIuMDEgMTE3LjY2NiAxNC4yMDkgMTE0LjYzMSAxNC4yMDlDMTExLjU5NSAxNC4yMDkgMTA5Ljc0IDEyLjAxIDEwOS43NCA4Ljk2NTE3Wk0xMTcuMzI5IDguOTY1MTdDMTE3LjMyOSA3LjI3MzYzIDExNi40ODYgNS41ODIwOSAxMTQuNDYyIDUuNTgyMDlDMTEyLjQzOCA1LjU4MjA5IDExMS41OTUgNy4yNzM2MyAxMTEuNTk1IDguOTY1MTdDMTExLjU5NSAxMC42NTY3IDExMi40MzggMTIuNTE3NCAxMTQuNDYyIDEyLjUxNzRDMTE2LjQ4NiAxMi41MTc0IDExNy4zMjkgMTAuNjU2NyAxMTcuMzI5IDguOTY1MTdaTTEyMC4zNjQgNC4wNTk3SDEyMi43MjVMMTI1LjI1NSAxMS42NzE2TDEyNy42MTYgNC4wNTk3SDEyOS44MDhMMTI2LjQzNSAxMy44NzA2SDEyNC4wNzVMMTIwLjM2NCA0LjA1OTdaTTEzMi44NDQgOS40NzI2NEMxMzIuODQ0IDEwLjk5NSAxMzMuNjg3IDEyLjM0ODMgMTM1LjU0MiAxMi4zNDgzQzEzNi43MjIgMTIuMzQ4MyAxMzcuNTY2IDExLjg0MDggMTM3LjkwMyAxMC42NTY3SDEzOS45MjdDMTM5LjQyMSAxMi44NTU3IDEzNy41NjYgMTQuMDM5OCAxMzUuNTQyIDE0LjAzOThDMTMyLjUwNiAxNC4wMzk4IDEzMC44MiAxMS44NDA4IDEzMC44MiA4Ljc5NjAyQzEzMC44MiA1LjkyMDQgMTMyLjY3NSAzLjU1MjI0IDEzNS41NDIgMy41NTIyNEMxMzguNTc3IDMuNTUyMjQgMTQwLjYwMSA2LjQyNzg2IDE0MC4wOTUgOS4zMDM0OEgxMzIuODQ0VjkuNDcyNjRaTTEzNy45MDMgOC4xMTk0QzEzNy45MDMgNi43NjYxNyAxMzYuODkxIDUuNTgyMDkgMTM1LjM3MyA1LjU4MjA5QzEzMy44NTYgNS41ODIwOSAxMzIuODQ0IDYuNzY2MTcgMTMyLjg0NCA4LjExOTRIMTM3LjkwM1pNMTQxLjc4MiA0LjA1OTdIMTQzLjgwNVY1LjkyMDRDMTQzLjk3NCA0LjkwNTQ3IDE0NS4zMjMgMy43MjEzOSAxNDYuNjcyIDMuNzIxMzlDMTQ3LjE3OCAzLjcyMTM5IDE0Ny4zNDcgMy43MjEzOSAxNDcuNTE1IDMuNzIxMzlWNS43NTEyNEMxNDcuMTc4IDUuNzUxMjQgMTQ2Ljg0MSA1LjU4MjA5IDE0Ni41MDMgNS41ODIwOUMxNDQuOTg2IDUuNTgyMDkgMTQzLjgwNSA2Ljc2NjE3IDE0My44MDUgOC45NjUxN1YxMy43MDE1SDE0MS42MTNWNC4wNTk3SDE0MS43ODJaTTE0OC44NjQgNC4wNTk3SDE1MC44ODhWNS41ODIwOUMxNTEuNTYzIDQuNTY3MTYgMTUyLjU3NCAzLjg5MDU1IDE1My45MjQgMy44OTA1NUMxNTYuMTE2IDMuODkwNTUgMTU3LjQ2NSA1LjA3NDYzIDE1Ny40NjUgNy4yNzM2M1YxNC4wMzk4SDE1NS4yNzNWNy43ODEwOUMxNTUuMjczIDYuMjU4NzEgMTU0LjU5OCA1LjU4MjA5IDE1My40MTggNS41ODIwOUMxNTEuOSA1LjU4MjA5IDE1MS4wNTcgNi43NjYxNyAxNTEuMDU3IDguMTE5NFYxMy44NzA2SDE0OC44NjRWNC4wNTk3Wk0xNTkuNjU3IDQuMDU5N0gxNjEuNjgxVjUuNDEyOTNDMTYyLjM1NiA0LjM5ODAxIDE2My4xOTkgMy43MjEzOSAxNjQuNzE2IDMuNzIxMzlDMTY1Ljg5NyAzLjcyMTM5IDE2Ny4wNzcgNC4yMjg4NiAxNjcuNDE1IDUuNDEyOTNDMTY4LjA4OSA0LjM5ODAxIDE2OS4xMDEgMy43MjEzOSAxNzAuNDUgMy43MjEzOUMxNzIuNDc0IDMuNzIxMzkgMTczLjY1NCA0LjU2NzE2IDE3My42NTQgNy4xMDQ0OFYxMy44NzA2SDE3MS40NjJWOC4xMTk0QzE3MS40NjIgNi41OTcwMiAxNzEuMjkzIDUuNDEyOTMgMTY5LjYwNyA1LjQxMjkzQzE2OC4wODkgNS40MTI5MyAxNjcuNTgzIDYuNDI3ODYgMTY3LjU4MyA4LjExOTRWMTMuODcwNkgxNjUuMzkxVjcuNjExOTRDMTY1LjM5MSA2LjI1ODcxIDE2NS4wNTQgNS41ODIwOSAxNjMuNzA1IDUuNTgyMDlDMTYyLjUyNCA1LjU4MjA5IDE2MS41MTIgNi40Mjc4NiAxNjEuNTEyIDguMTE5NFYxNC4wMzk4SDE1OS4zMlY0LjA1OTdIMTU5LjY1N1pNMTc3Ljg3IDkuNDcyNjRDMTc3Ljg3IDEwLjk5NSAxNzguNzEzIDEyLjM0ODMgMTgwLjU2OCAxMi4zNDgzQzE4MS43NDkgMTIuMzQ4MyAxODIuNTkyIDExLjg0MDggMTgyLjkyOSAxMC42NTY3SDE4NC45NTNDMTg0LjQ0NyAxMi44NTU3IDE4Mi41OTIgMTQuMDM5OCAxODAuNTY4IDE0LjAzOThDMTc3LjUzMyAxNC4wMzk4IDE3NS44NDcgMTEuODQwOCAxNzUuODQ3IDguNzk2MDJDMTc1Ljg0NyA1LjkyMDQgMTc3LjcwMiAzLjU1MjI0IDE4MC41NjggMy41NTIyNEMxODMuNjA0IDMuNTUyMjQgMTg1LjYyOCA2LjQyNzg2IDE4NS4xMjIgOS4zMDM0OEgxNzcuODdWOS40NzI2NFpNMTgyLjkyOSA4LjExOTRDMTgyLjkyOSA2Ljc2NjE3IDE4MS45MTggNS41ODIwOSAxODAuNCA1LjU4MjA5QzE3OC44ODIgNS41ODIwOSAxNzcuODcgNi43NjYxNyAxNzcuODcgOC4xMTk0SDE4Mi45MjlaTTE4Ni44MDggNC4wNTk3SDE4OC44MzJWNS41ODIwOUMxODkuNTA2IDQuNTY3MTYgMTkwLjUxOCAzLjg5MDU1IDE5MS44NjcgMy44OTA1NUMxOTQuMDYgMy44OTA1NSAxOTUuNDA5IDUuMDc0NjMgMTk1LjQwOSA3LjI3MzYzVjE0LjAzOThIMTkzLjIxNlY3Ljc4MTA5QzE5My4yMTYgNi4yNTg3MSAxOTIuNTQyIDUuNTgyMDkgMTkxLjM2MSA1LjU4MjA5QzE4OS44NDQgNS41ODIwOSAxODkgNi43NjYxNyAxODkgOC4xMTk0VjEzLjg3MDZIMTg2LjgwOFY0LjA1OTdaTTE5Ni43NTggNC4wNTk3SDE5OC40NDRWMS4xODQwOEgyMDAuNjM2VjQuMDU5N0gyMDIuNjZWNS43NTEyNEgyMDAuNjM2VjEwLjk5NUMyMDAuNjM2IDExLjg0MDggMjAwLjYzNiAxMi4zNDgzIDIwMS42NDggMTIuMzQ4M0MyMDEuOTg2IDEyLjM0ODMgMjAyLjMyMyAxMi4zNDgzIDIwMi40OTIgMTIuMzQ4M1YxNC4wMzk4QzIwMS45ODYgMTQuMDM5OCAyMDEuNDggMTQuMjA5IDIwMS4xNDIgMTQuMjA5QzE5OC45NSAxNC4yMDkgMTk4LjQ0NCAxMy4zNjMyIDE5OC40NDQgMTEuNjcxNlY1Ljc1MTI0SDE5Ni43NThWNC4wNTk3Wk05NS4yMzczIDI4LjU4NzFDOTUuMjM3MyAyNS41NDIzIDk3LjA5MjMgMjMuMzQzMyAxMDAuMTI4IDIzLjM0MzNDMTAzLjMzMiAyMy4zNDMzIDEwNS4wMTggMjUuNTQyMyAxMDUuMDE4IDI4LjU4NzFDMTA1LjAxOCAzMS42MzE4IDEwMy4xNjMgMzMuODMwOCAxMDAuMTI4IDMzLjgzMDhDOTcuMDkyMyAzMy44MzA4IDk1LjIzNzMgMzEuNjMxOCA5NS4yMzczIDI4LjU4NzFaTTEwMi45OTUgMjguNTg3MUMxMDIuOTk1IDI2Ljg5NTUgMTAyLjE1MiAyNS4yMDQgMTAwLjEyOCAyNS4yMDRDOTguMjcyOCAyNS4yMDQgOTcuMjYxIDI2Ljg5NTUgOTcuMjYxIDI4LjU4NzFDOTcuMjYxIDMwLjI3ODYgOTguMTA0MiAzMi4xMzkzIDEwMC4xMjggMzIuMTM5M0MxMDIuMTUyIDMyLjEzOTMgMTAyLjk5NSAzMC4yNzg2IDEwMi45OTUgMjguNTg3MVpNMTA2LjAzIDIzLjY4MTZIMTA3LjcxN1YyMi44MzU4QzEwNy43MTcgMjAuMjk4NSAxMDkuMDY2IDE5Ljk2MDIgMTEwLjQxNSAxOS45NjAyQzExMS4wODkgMTkuOTYwMiAxMTEuNTk1IDE5Ljk2MDIgMTExLjkzMyAyMC4xMjk0VjIxLjgyMDlDMTExLjU5NSAyMS44MjA5IDExMS40MjcgMjEuNjUxNyAxMTAuOTIxIDIxLjY1MTdDMTEwLjQxNSAyMS42NTE3IDEwOS45MDkgMjEuODIwOSAxMDkuOTA5IDIyLjY2NjdWMjMuNjgxNkgxMTEuNzY0VjI1LjM3MzFIMTA5LjkwOVYzMy42NjE3SDEwNy43MTdWMjUuMzczMUgxMDYuMDNWMjMuNjgxNlpNMTI3LjYxNiAyNC4xODkxQzEyNy4yNzkgMjIuNjY2NyAxMjYuMjY3IDIxLjQ4MjYgMTI0LjI0MyAyMS40ODI2QzEyMS4zNzYgMjEuNDgyNiAxMjAuMTk2IDI0LjAxOTkgMTIwLjE5NiAyNi43MjY0QzEyMC4xOTYgMjkuMjYzNyAxMjEuMzc2IDMxLjk3MDEgMTI0LjI0MyAzMS45NzAxQzEyNi4yNjcgMzEuOTcwMSAxMjcuNDQ3IDMwLjQ0NzggMTI3LjYxNiAyOC40MTc5SDEyOS45NzdDMTI5LjgwOCAzMS42MzE4IDEyNy42MTYgMzMuODMwOCAxMjQuMjQzIDMzLjgzMDhDMTIwLjE5NiAzMy44MzA4IDExNy44MzUgMzAuNjE2OSAxMTcuODM1IDI2LjcyNjRDMTE3LjgzNSAyMi44MzU4IDEyMC4xOTYgMTkuNjIxOSAxMjQuMjQzIDE5LjYyMTlDMTI3LjI3OSAxOS42MjE5IDEyOS42NCAyMS4zMTM0IDEyOS45NzcgMjQuMTg5MUgxMjcuNjE2Wk0xNDAuMDk1IDMxLjI5MzVDMTQwLjA5NSAzMS44MDEgMTQwLjI2NCAzMS45NzAxIDE0MC42MDEgMzEuOTcwMUMxNDAuNzcgMzEuOTcwMSAxNDAuOTM4IDMxLjk3MDEgMTQxLjEwNyAzMS45NzAxVjMzLjQ5MjVDMTQwLjc3IDMzLjY2MTcgMTQwLjA5NSAzMy42NjE3IDEzOS43NTggMzMuNjYxN0MxMzguOTE1IDMzLjY2MTcgMTM4LjI0IDMzLjMyMzQgMTM4LjA3MiAzMi40Nzc2QzEzNy4yMjggMzMuMzIzNCAxMzUuODc5IDMzLjY2MTcgMTM0LjY5OSAzMy42NjE3QzEzMy4wMTIgMzMuNjYxNyAxMzEuMzI2IDMyLjY0NjggMTMxLjMyNiAzMC43ODYxQzEzMS4zMjYgMjguMjQ4OCAxMzMuMzUgMjcuOTEwNCAxMzUuMDM2IDI3Ljc0MTNDMTM2LjU1NCAyNy40MDMgMTM3LjkwMyAyNy41NzIxIDEzNy45MDMgMjYuMzg4MUMxMzcuOTAzIDI1LjIwNCAxMzYuNzIyIDI1LjAzNDggMTM1Ljg3OSAyNS4wMzQ4QzEzNC42OTkgMjUuMDM0OCAxMzMuODU2IDI1LjU0MjMgMTMzLjY4NyAyNi41NTcySDEzMS40OTVDMTMxLjY2MyAyNC4wMTk5IDEzMy44NTYgMjMuMzQzMyAxMzUuODc5IDIzLjM0MzNDMTM3LjczNCAyMy4zNDMzIDEzOS43NTggMjQuMTg5MSAxMzkuNzU4IDI2LjIxODlWMzEuMjkzNUgxNDAuMDk1Wk0xMzguMDcyIDI4LjU4NzFDMTM3LjM5NyAyOS4wOTQ1IDEzNi4zODUgMjguOTI1NCAxMzUuMzczIDI5LjA5NDVDMTM0LjM2MSAyOS4yNjM3IDEzMy42ODcgMjkuNjAyIDEzMy42ODcgMzAuNzg2MUMxMzMuNjg3IDMxLjgwMSAxMzQuODY3IDMxLjk3MDEgMTM1LjcxMSAzMS45NzAxQzEzNi43MjIgMzEuOTcwMSAxMzguMDcyIDMxLjQ2MjcgMTM4LjA3MiAzMC4xMDk1VjI4LjU4NzFaTTE0Mi40NTYgMjMuNjgxNkgxNDQuNDhWMjUuMjA0QzE0NS4xNTQgMjQuMTg5MSAxNDYuMTY2IDIzLjUxMjQgMTQ3LjUxNSAyMy41MTI0QzE0OS43MDggMjMuNTEyNCAxNTEuMDU3IDI0LjY5NjUgMTUxLjA1NyAyNi44OTU1VjMzLjY2MTdIMTQ4Ljg2NFYyNy40MDNDMTQ4Ljg2NCAyNS44ODA2IDE0OC4xOSAyNS4yMDQgMTQ3LjAwOSAyNS4yMDRDMTQ1LjQ5MiAyNS4yMDQgMTQ0LjY0OCAyNi4zODgxIDE0NC42NDggMjcuNzQxM1YzMy40OTI1SDE0Mi40NTZWMjMuNjgxNlpNMTYxLjM0NCAzMS4yOTM1QzE2MS4zNDQgMzEuODAxIDE2MS41MTIgMzEuOTcwMSAxNjEuODUgMzEuOTcwMUMxNjIuMDE4IDMxLjk3MDEgMTYyLjE4NyAzMS45NzAxIDE2Mi4zNTYgMzEuOTcwMVYzMy40OTI1QzE2Mi4wMTggMzMuNjYxNyAxNjEuMzQ0IDMzLjY2MTcgMTYxLjAwNiAzMy42NjE3QzE2MC4xNjMgMzMuNjYxNyAxNTkuNDg5IDMzLjMyMzQgMTU5LjMyIDMyLjQ3NzZDMTU4LjQ3NyAzMy4zMjM0IDE1Ny4xMjggMzMuNjYxNyAxNTUuOTQ3IDMzLjY2MTdDMTU0LjI2MSAzMy42NjE3IDE1Mi41NzQgMzIuNjQ2OCAxNTIuNTc0IDMwLjc4NjFDMTUyLjU3NCAyOC4yNDg4IDE1NC41OTggMjcuOTEwNCAxNTYuMjg1IDI3Ljc0MTNDMTU3LjgwMiAyNy40MDMgMTU5LjE1MSAyNy41NzIxIDE1OS4xNTEgMjYuMzg4MUMxNTkuMTUxIDI1LjIwNCAxNTcuOTcxIDI1LjAzNDggMTU3LjEyOCAyNS4wMzQ4QzE1NS45NDcgMjUuMDM0OCAxNTUuMTA0IDI1LjU0MjMgMTU0LjkzNSAyNi41NTcySDE1Mi43NDNDMTUyLjkxMiAyNC4wMTk5IDE1NS4xMDQgMjMuMzQzMyAxNTcuMTI4IDIzLjM0MzNDMTU4Ljk4MyAyMy4zNDMzIDE2MS4wMDYgMjQuMTg5MSAxNjEuMDA2IDI2LjIxODlWMzEuMjkzNUgxNjEuMzQ0Wk0xNTkuMTUxIDI4LjU4NzFDMTU4LjQ3NyAyOS4wOTQ1IDE1Ny40NjUgMjguOTI1NCAxNTYuNDUzIDI5LjA5NDVDMTU1LjQ0MSAyOS4yNjM3IDE1NC43NjcgMjkuNjAyIDE1NC43NjcgMzAuNzg2MUMxNTQuNzY3IDMxLjgwMSAxNTUuOTQ3IDMxLjk3MDEgMTU2Ljc5IDMxLjk3MDFDMTU3LjgwMiAzMS45NzAxIDE1OS4xNTEgMzEuNDYyNyAxNTkuMTUxIDMwLjEwOTVWMjguNTg3MVpNMTcyLjgxMSAzMy40OTI1SDE3MC43ODdWMzIuMTM5M0MxNzAuMjgyIDMzLjMyMzQgMTY4LjkzMiAzMy42NjE3IDE2Ny43NTIgMzMuNjYxN0MxNjQuNzE2IDMzLjY2MTcgMTYzLjE5OSAzMS4yOTM1IDE2My4xOTkgMjguNDE3OUMxNjMuMTk5IDI0Ljg2NTcgMTY1LjM5MSAyMy4zNDMzIDE2Ny40MTUgMjMuMzQzM0MxNjguNTk1IDIzLjM0MzMgMTY5Ljk0NCAyMy44NTA3IDE3MC42MTkgMjQuODY1N1YxOS43OTFIMTcyLjgxMVYzMy40OTI1Wk0xNjguMDg5IDMyLjEzOTNDMTY5Ljk0NCAzMi4xMzkzIDE3MC43ODcgMzAuNDQ3OCAxNzAuNzg3IDI4LjU4NzFDMTcwLjc4NyAyNi4zODgxIDE2OS43NzYgMjUuMjA0IDE2OC4wODkgMjUuMjA0QzE2Ni4wNjYgMjUuMjA0IDE2NS4zOTEgMjcuMDY0NyAxNjUuMzkxIDI4Ljc1NjJDMTY1LjM5MSAzMC40NDc4IDE2Ni4yMzQgMzIuMTM5MyAxNjguMDg5IDMyLjEzOTNaTTE4My40MzUgMzEuMjkzNUMxODMuNDM1IDMxLjgwMSAxODMuNjA0IDMxLjk3MDEgMTgzLjk0MSAzMS45NzAxQzE4NC4xMSAzMS45NzAxIDE4NC4yNzkgMzEuOTcwMSAxODQuNDQ3IDMxLjk3MDFWMzMuNDkyNUMxODQuMTEgMzMuNjYxNyAxODMuNDM1IDMzLjY2MTcgMTgzLjA5OCAzMy42NjE3QzE4Mi4yNTUgMzMuNjYxNyAxODEuNTggMzMuMzIzNCAxODEuNDEyIDMyLjQ3NzZDMTgwLjU2OCAzMy4zMjM0IDE3OS4yMTkgMzMuNjYxNyAxNzguMDM5IDMzLjY2MTdDMTc2LjM1MyAzMy42NjE3IDE3NC42NjYgMzIuNjQ2OCAxNzQuNjY2IDMwLjc4NjFDMTc0LjY2NiAyOC4yNDg4IDE3Ni42OSAyNy45MTA0IDE3OC4zNzYgMjcuNzQxM0MxNzkuODk0IDI3LjQwMyAxODEuMjQzIDI3LjU3MjEgMTgxLjI0MyAyNi4zODgxQzE4MS4yNDMgMjUuMjA0IDE4MC4wNjMgMjUuMDM0OCAxNzkuMjE5IDI1LjAzNDhDMTc4LjAzOSAyNS4wMzQ4IDE3Ny4xOTYgMjUuNTQyMyAxNzcuMDI3IDI2LjU1NzJIMTc0LjgzNUMxNzUuMDAzIDI0LjAxOTkgMTc3LjE5NiAyMy4zNDMzIDE3OS4yMTkgMjMuMzQzM0MxODEuMDc0IDIzLjM0MzMgMTgzLjA5OCAyNC4xODkxIDE4My4wOTggMjYuMjE4OVYzMS4yOTM1SDE4My40MzVaTTE4MS4yNDMgMjguNTg3MUMxODAuNTY4IDI5LjA5NDUgMTc5LjU1NyAyOC45MjU0IDE3OC41NDUgMjkuMDk0NUMxNzcuNTMzIDI5LjI2MzcgMTc2Ljg1OCAyOS42MDIgMTc2Ljg1OCAzMC43ODYxQzE3Ni44NTggMzEuODAxIDE3OC4wMzkgMzEuOTcwMSAxNzguODgyIDMxLjk3MDFDMTc5Ljg5NCAzMS45NzAxIDE4MS4yNDMgMzEuNDYyNyAxODEuMjQzIDMwLjEwOTVWMjguNTg3MVpNMjQ0LjMxNCAxMy44NzA2SDI0Mi43OTZMMjQyLjQ1OSAxMi4zNDgzQzI0MS4xMSAxMy44NzA2IDI0MC4wOTggMTQuMjA5IDIzOC40MTIgMTQuMjA5QzIzNC4zNjQgMTQuMjA5IDIzMi4wMDMgMTAuOTk1IDIzMi4wMDMgNy4xMDQ0OEMyMzIuMDAzIDMuMjEzOTMgMjM0LjM2NCAwIDIzOC40MTIgMEMyNDEuNDQ3IDAgMjQzLjgwOCAxLjUyMjM5IDI0NC4xNDUgNC41NjcxNkgyNDEuNzg0QzI0MS42MTYgMi43MDY0NyAyMzkuOTI5IDEuODYwNyAyMzguMjQzIDEuODYwN0MyMzUuMzc2IDEuODYwNyAyMzQuMTk2IDQuMzk4MDEgMjM0LjE5NiA3LjEwNDQ4QzIzNC4xOTYgOS42NDE3OSAyMzUuMzc2IDEyLjM0ODMgMjM4LjI0MyAxMi4zNDgzQzI0MC42MDQgMTIuMzQ4MyAyNDEuOTUzIDEwLjk5NSAyNDIuMTIyIDguNjI2ODdIMjM4LjU4VjYuNzY2MTdIMjQ0LjMxNFYxMy44NzA2Wk0yNDYuMzM4IDguOTY1MTdDMjQ2LjMzOCA1LjkyMDQgMjQ4LjE5MyAzLjcyMTM5IDI1MS4yMjggMy43MjEzOUMyNTQuMjY0IDMuNzIxMzkgMjU2LjExOSA1LjkyMDQgMjU2LjExOSA4Ljk2NTE3QzI1Ni4xMTkgMTIuMDEgMjU0LjI2NCAxNC4yMDkgMjUxLjIyOCAxNC4yMDlDMjQ4LjE5MyAxNC4yMDkgMjQ2LjMzOCAxMi4wMSAyNDYuMzM4IDguOTY1MTdaTTI1My45MjYgOC45NjUxN0MyNTMuOTI2IDcuMjczNjMgMjUzLjA4MyA1LjU4MjA5IDI1MS4wNTkgNS41ODIwOUMyNDkuMjA0IDUuNTgyMDkgMjQ4LjE5MyA3LjI3MzYzIDI0OC4xOTMgOC45NjUxN0MyNDguMTkzIDEwLjY1NjcgMjQ5LjAzNiAxMi41MTc0IDI1MS4wNTkgMTIuNTE3NEMyNTMuMDgzIDEyLjUxNzQgMjUzLjkyNiAxMC42NTY3IDI1My45MjYgOC45NjUxN1pNMjY2LjU3NCAxMy44NzA2SDI2NC4zODJWMTIuNTE3NEMyNjMuODc2IDEzLjUzMjMgMjYyLjY5NiAxNC4yMDkgMjYxLjUxNSAxNC4yMDlDMjU4Ljk4NSAxNC4yMDkgMjU3LjgwNSAxMi44NTU3IDI1Ny44MDUgMTAuMzE4NFY0LjA1OTdIMjU5Ljk5N1YxMC4xNDkzQzI1OS45OTcgMTEuODQwOCAyNjAuNjcyIDEyLjUxNzQgMjYxLjg1MiAxMi41MTc0QzI2My43MDcgMTIuNTE3NCAyNjQuMjEzIDExLjMzMzMgMjY0LjIxMyA5LjgxMDk1VjQuMDU5N0gyNjYuNDA2TDI2Ni41NzQgMTMuODcwNlpNMjY3LjkyMyA0LjA1OTdIMjcwLjI4NEwyNzIuODE0IDExLjY3MTZMMjc1LjE3NSA0LjA1OTdIMjc3LjM2N0wyNzMuODI2IDEzLjg3MDZIMjcxLjQ2NUwyNjcuOTIzIDQuMDU5N1pNMjgwLjA2NSA5LjQ3MjY0QzI4MC4wNjUgMTAuOTk1IDI4MC45MDkgMTIuMzQ4MyAyODIuNzY0IDEyLjM0ODNDMjgzLjk0NCAxMi4zNDgzIDI4NC43ODcgMTEuODQwOCAyODUuMTI0IDEwLjY1NjdIMjg3LjE0OEMyODYuNjQyIDEyLjg1NTcgMjg0Ljc4NyAxNC4wMzk4IDI4Mi43NjQgMTQuMDM5OEMyNzkuNzI4IDE0LjAzOTggMjc4LjA0MiAxMS44NDA4IDI3OC4wNDIgOC43OTYwMkMyNzguMDQyIDUuOTIwNCAyNzkuODk3IDMuNTUyMjQgMjgyLjc2NCAzLjU1MjI0QzI4NS43OTkgMy41NTIyNCAyODcuODIzIDYuNDI3ODYgMjg3LjMxNyA5LjMwMzQ4SDI4MC4wNjVWOS40NzI2NFpNMjg1LjEyNCA4LjExOTRDMjg1LjEyNCA2Ljc2NjE3IDI4NC4xMTMgNS41ODIwOSAyODIuNTk1IDUuNTgyMDlDMjgxLjA3NyA1LjU4MjA5IDI4MC4wNjUgNi43NjYxNyAyODAuMDY1IDguMTE5NEgyODUuMTI0Wk0yODkuMDAzIDQuMDU5N0gyOTEuMDI3VjUuOTIwNEMyOTEuMTk1IDQuOTA1NDcgMjkyLjU0NSAzLjcyMTM5IDI5My44OTQgMy43MjEzOUMyOTQuNCAzLjcyMTM5IDI5NC41NjggMy43MjEzOSAyOTQuNzM3IDMuNzIxMzlWNS43NTEyNEMyOTQuNCA1Ljc1MTI0IDI5NC4wNjIgNS41ODIwOSAyOTMuNzI1IDUuNTgyMDlDMjkyLjIwNyA1LjU4MjA5IDI5MS4wMjcgNi43NjYxNyAyOTEuMDI3IDguOTY1MTdWMTMuNzAxNUgyODguODM1TDI4OS4wMDMgNC4wNTk3Wk0yOTUuNzQ5IDQuMDU5N0gyOTcuNzcyVjUuNTgyMDlDMjk4LjQ0NyA0LjU2NzE2IDI5OS40NTkgMy44OTA1NSAzMDAuODA4IDMuODkwNTVDMzAzIDMuODkwNTUgMzA0LjM0OSA1LjA3NDYzIDMwNC4zNDkgNy4yNzM2M1YxNC4wMzk4SDMwMi4xNTdWNy43ODEwOUMzMDIuMTU3IDYuMjU4NzEgMzAxLjQ4MiA1LjU4MjA5IDMwMC4zMDIgNS41ODIwOUMyOTguNzg0IDUuNTgyMDkgMjk3Ljk0MSA2Ljc2NjE3IDI5Ny45NDEgOC4xMTk0VjEzLjg3MDZIMjk1Ljc0OVY0LjA1OTdaTTMwOC4zOTcgOS40NzI2NEMzMDguMzk3IDEwLjk5NSAzMDkuMjQgMTIuMzQ4MyAzMTEuMDk1IDEyLjM0ODNDMzEyLjI3NSAxMi4zNDgzIDMxMy4xMTggMTEuODQwOCAzMTMuNDU2IDEwLjY1NjdIMzE1LjQ3OUMzMTQuOTc0IDEyLjg1NTcgMzEzLjExOCAxNC4wMzk4IDMxMS4wOTUgMTQuMDM5OEMzMDguMDU5IDE0LjAzOTggMzA2LjM3MyAxMS44NDA4IDMwNi4zNzMgOC43OTYwMkMzMDYuMzczIDUuOTIwNCAzMDguMjI4IDMuNTUyMjQgMzExLjA5NSAzLjU1MjI0QzMxNC4xMyAzLjU1MjI0IDMxNi4xNTQgNi40Mjc4NiAzMTUuNjQ4IDkuMzAzNDhIMzA4LjM5N1Y5LjQ3MjY0Wk0zMTMuNDU2IDguMTE5NEMzMTMuNDU2IDYuNzY2MTcgMzEyLjQ0NCA1LjU4MjA5IDMxMC45MjYgNS41ODIwOUMzMDkuNDA4IDUuNTgyMDkgMzA4LjM5NyA2Ljc2NjE3IDMwOC4zOTcgOC4xMTk0SDMxMy40NTZaTTMxNy4xNjYgNC4wNTk3SDMxOS4xODlWNS40MTI5M0MzMTkuODY0IDQuMzk4MDEgMzIwLjcwNyAzLjcyMTM5IDMyMi4yMjUgMy43MjEzOUMzMjMuNDA1IDMuNzIxMzkgMzI0LjU4NiA0LjIyODg2IDMyNC45MjMgNS40MTI5M0MzMjUuNTk4IDQuMzk4MDEgMzI2LjYxIDMuNzIxMzkgMzI3Ljk1OSAzLjcyMTM5QzMyOS45ODIgMy43MjEzOSAzMzEuMTYzIDQuNTY3MTYgMzMxLjE2MyA3LjEwNDQ4VjEzLjg3MDZIMzI4Ljk3MVY4LjExOTRDMzI4Ljk3MSA2LjU5NzAyIDMyOC44MDIgNS40MTI5MyAzMjcuMTE2IDUuNDEyOTNDMzI1LjU5OCA1LjQxMjkzIDMyNS4wOTIgNi40Mjc4NiAzMjUuMDkyIDguMTE5NFYxMy44NzA2SDMyMi45VjcuNjExOTRDMzIyLjkgNi4yNTg3MSAzMjIuNTYyIDUuNTgyMDkgMzIxLjIxMyA1LjU4MjA5QzMyMC4wMzMgNS41ODIwOSAzMTkuMDIxIDYuNDI3ODYgMzE5LjAyMSA4LjExOTRWMTQuMDM5OEgzMTYuODI5VjQuMDU5N0gzMTcuMTY2Wk0zMzUuMzc5IDkuNDcyNjRDMzM1LjM3OSAxMC45OTUgMzM2LjIyMiAxMi4zNDgzIDMzOC4wNzcgMTIuMzQ4M0MzMzkuMjU3IDEyLjM0ODMgMzQwLjEwMSAxMS44NDA4IDM0MC40MzggMTAuNjU2N0gzNDIuNDYyQzM0MS45NTYgMTIuODU1NyAzNDAuMTAxIDE0LjAzOTggMzM4LjA3NyAxNC4wMzk4QzMzNS4wNDIgMTQuMDM5OCAzMzMuMzU1IDExLjg0MDggMzMzLjM1NSA4Ljc5NjAyQzMzMy4zNTUgNS45MjA0IDMzNS4yMSAzLjU1MjI0IDMzOC4wNzcgMy41NTIyNEMzNDEuMTEzIDMuNTUyMjQgMzQzLjEzNiA2LjQyNzg2IDM0Mi42MyA5LjMwMzQ4SDMzNS4zNzlWOS40NzI2NFpNMzQwLjQzOCA4LjExOTRDMzQwLjQzOCA2Ljc2NjE3IDMzOS40MjYgNS41ODIwOSAzMzcuOTA4IDUuNTgyMDlDMzM2LjM5MSA1LjU4MjA5IDMzNS4zNzkgNi43NjYxNyAzMzUuMzc5IDguMTE5NEgzNDAuNDM4Wk0zNDQuMzE3IDQuMDU5N0gzNDYuMzRWNS41ODIwOUMzNDcuMDE1IDQuNTY3MTYgMzQ4LjAyNyAzLjg5MDU1IDM0OS4zNzYgMy44OTA1NUMzNTEuNTY4IDMuODkwNTUgMzUyLjkxNyA1LjA3NDYzIDM1Mi45MTcgNy4yNzM2M1YxNC4wMzk4SDM1MC43MjVWNy43ODEwOUMzNTAuNzI1IDYuMjU4NzEgMzUwLjA1IDUuNTgyMDkgMzQ4Ljg3IDUuNTgyMDlDMzQ3LjM1MiA1LjU4MjA5IDM0Ni41MDkgNi43NjYxNyAzNDYuNTA5IDguMTE5NFYxMy44NzA2SDM0NC4zMTdWNC4wNTk3Wk0zNTQuMDk4IDQuMDU5N0gzNTUuNzg0VjEuMTg0MDhIMzU3Ljk3NlY0LjA1OTdIMzYwVjUuNzUxMjRIMzU3Ljk3NlYxMC45OTVDMzU3Ljk3NiAxMS44NDA4IDM1Ny45NzYgMTIuMzQ4MyAzNTguOTg4IDEyLjM0ODNDMzU5LjMyNSAxMi4zNDgzIDM1OS42NjMgMTIuMzQ4MyAzNTkuODMxIDEyLjM0ODNWMTQuMDM5OEMzNTkuMzI1IDE0LjAzOTggMzU4LjgyIDE0LjIwOSAzNTguNDgyIDE0LjIwOUMzNTYuMjkgMTQuMjA5IDM1NS43ODQgMTMuMzYzMiAzNTUuNzg0IDExLjY3MTZWNS43NTEyNEgzNTQuMDk4VjQuMDU5N1pNMjQxLjQ0NyAzMy40OTI1SDIzOS40MjNWMzIuMTM5M0MyMzguOTE3IDMzLjMyMzQgMjM3LjU2OCAzMy42NjE3IDIzNi4zODggMzMuNjYxN0MyMzMuMzUyIDMzLjY2MTcgMjMxLjgzNSAzMS4yOTM1IDIzMS44MzUgMjguNDE3OUMyMzEuODM1IDI0Ljg2NTcgMjMzLjg1OCAyMy4zNDMzIDIzNi4wNTEgMjMuMzQzM0MyMzcuMjMxIDIzLjM0MzMgMjM4LjU4IDIzLjg1MDcgMjM5LjI1NSAyNC44NjU3VjE5Ljc5MUgyNDEuNDQ3VjMzLjQ5MjVaTTIzNi41NTcgMzIuMTM5M0MyMzguNDEyIDMyLjEzOTMgMjM5LjI1NSAzMC40NDc4IDIzOS4yNTUgMjguNTg3MUMyMzkuMjU1IDI2LjM4ODEgMjM4LjI0MyAyNS4yMDQgMjM2LjU1NyAyNS4yMDRDMjM0LjUzMyAyNS4yMDQgMjMzLjg1OCAyNy4wNjQ3IDIzMy44NTggMjguNzU2MkMyMzMuODU4IDMwLjQ0NzggMjM0LjcwMiAzMi4xMzkzIDIzNi41NTcgMzIuMTM5M1pNMjUyLjQwOSAzMy40OTI1SDI1MC4yMTZWMzIuMTM5M0MyNDkuNzEgMzMuMTU0MiAyNDguNTMgMzMuODMwOCAyNDcuMzQ5IDMzLjgzMDhDMjQ0LjgyIDMzLjgzMDggMjQzLjYzOSAzMi40Nzc2IDI0My42MzkgMjkuOTQwM1YyMy42ODE2SDI0NS44MzJWMjkuNzcxMUMyNDUuODMyIDMxLjQ2MjcgMjQ2LjUwNiAzMi4xMzkzIDI0Ny42ODcgMzIuMTM5M0MyNDkuNTQyIDMyLjEzOTMgMjUwLjA0OCAzMC45NTUyIDI1MC4wNDggMjkuNDMyOFYyMy42ODE2SDI1Mi4yNFYzMy40OTI1SDI1Mi40MDlaTTI2OS40NDEgMjQuMTg5MUMyNjkuMTA0IDIyLjY2NjcgMjY4LjA5MiAyMS40ODI2IDI2Ni4wNjggMjEuNDgyNkMyNjMuMjAxIDIxLjQ4MjYgMjYyLjAyMSAyNC4wMTk5IDI2Mi4wMjEgMjYuNzI2NEMyNjIuMDIxIDI5LjI2MzcgMjYzLjIwMSAzMS45NzAxIDI2Ni4wNjggMzEuOTcwMUMyNjguMjYxIDMxLjk3MDEgMjY5LjI3MiAzMC40NDc4IDI2OS40NDEgMjguNDE3OUgyNzEuODAyQzI3MS42MzMgMzEuNjMxOCAyNjkuMjcyIDM0IDI2Ni4wNjggMzRDMjYyLjAyMSAzNCAyNTkuNjYgMzAuNzg2MSAyNTkuNjYgMjYuODk1NUMyNTkuNjYgMjMuMDA1IDI2Mi4wMjEgMTkuNzkxIDI2Ni4wNjggMTkuNzkxQzI2OS4xMDQgMTkuNzkxIDI3MS40NjUgMjEuNDgyNiAyNzEuODAyIDI0LjM1ODJIMjY5LjQ0MVYyNC4xODkxWk0yODEuNzUyIDMxLjI5MzVDMjgxLjc1MiAzMS44MDEgMjgxLjkyIDMxLjk3MDEgMjgyLjI1OCAzMS45NzAxQzI4Mi40MjYgMzEuOTcwMSAyODIuNTk1IDMxLjk3MDEgMjgyLjc2NCAzMS45NzAxVjMzLjQ5MjVDMjgyLjQyNiAzMy42NjE3IDI4MS43NTIgMzMuNjYxNyAyODEuNDE0IDMzLjY2MTdDMjgwLjU3MSAzMy42NjE3IDI3OS44OTcgMzMuMzIzNCAyNzkuNzI4IDMyLjQ3NzZDMjc4Ljg4NSAzMy4zMjM0IDI3Ny41MzYgMzMuNjYxNyAyNzYuMzU1IDMzLjY2MTdDMjc0LjY2OSAzMy42NjE3IDI3Mi45ODIgMzIuNjQ2OCAyNzIuOTgyIDMwLjc4NjFDMjcyLjk4MiAyOC4yNDg4IDI3NS4wMDYgMjcuOTEwNCAyNzYuNjkzIDI3Ljc0MTNDMjc4LjIxIDI3LjQwMyAyNzkuNTU5IDI3LjU3MjEgMjc5LjU1OSAyNi4zODgxQzI3OS41NTkgMjUuMjA0IDI3OC4zNzkgMjUuMDM0OCAyNzcuNTM2IDI1LjAzNDhDMjc2LjM1NSAyNS4wMzQ4IDI3NS41MTIgMjUuNTQyMyAyNzUuMzQzIDI2LjU1NzJIMjczLjE1MUMyNzMuMzIgMjQuMDE5OSAyNzUuNTEyIDIzLjM0MzMgMjc3LjUzNiAyMy4zNDMzQzI3OS4zOTEgMjMuMzQzMyAyODEuNDE0IDI0LjE4OTEgMjgxLjQxNCAyNi4yMTg5VjMxLjI5MzVIMjgxLjc1MlpNMjc5LjU1OSAyOC41ODcxQzI3OC44ODUgMjkuMDk0NSAyNzcuODczIDI4LjkyNTQgMjc2Ljg2MSAyOS4wOTQ1QzI3NS44NDkgMjkuMjYzNyAyNzUuMTc1IDI5LjYwMiAyNzUuMTc1IDMwLjc4NjFDMjc1LjE3NSAzMS44MDEgMjc2LjM1NSAzMS45NzAxIDI3Ny4xOTggMzEuOTcwMUMyNzguMjEgMzEuOTcwMSAyNzkuNTU5IDMxLjQ2MjcgMjc5LjU1OSAzMC4xMDk1VjI4LjU4NzFaTTI4NC4yODEgMjMuNjgxNkgyODYuMzA1VjI1LjIwNEMyODYuOTggMjQuMTg5MSAyODcuOTkxIDIzLjUxMjQgMjg5LjM0IDIzLjUxMjRDMjkxLjUzMyAyMy41MTI0IDI5Mi44ODIgMjQuNjk2NSAyOTIuODgyIDI2Ljg5NTVWMzMuNjYxN0gyOTAuNjlWMjcuNDAzQzI5MC42OSAyNS44ODA2IDI5MC4wMTUgMjUuMjA0IDI4OC44MzUgMjUuMjA0QzI4Ny4zMTcgMjUuMjA0IDI4Ni40NzQgMjYuMzg4MSAyODYuNDc0IDI3Ljc0MTNWMzMuNDkyNUgyODQuMjgxVjIzLjY4MTZaTTMwMyAzMS4yOTM1QzMwMyAzMS44MDEgMzAzLjE2OSAzMS45NzAxIDMwMy41MDYgMzEuOTcwMUMzMDMuNjc1IDMxLjk3MDEgMzAzLjg0MyAzMS45NzAxIDMwNC4wMTIgMzEuOTcwMVYzMy40OTI1QzMwMy42NzUgMzMuNjYxNyAzMDMgMzMuNjYxNyAzMDIuNjYzIDMzLjY2MTdDMzAxLjgyIDMzLjY2MTcgMzAxLjE0NSAzMy4zMjM0IDMwMC45NzcgMzIuNDc3NkMzMDAuMTMzIDMzLjMyMzQgMjk4Ljc4NCAzMy42NjE3IDI5Ny42MDQgMzMuNjYxN0MyOTUuOTE3IDMzLjY2MTcgMjk0LjIzMSAzMi42NDY4IDI5NC4yMzEgMzAuNzg2MUMyOTQuMjMxIDI4LjI0ODggMjk2LjI1NSAyNy45MTA0IDI5Ny45NDEgMjcuNzQxM0MyOTkuNDU5IDI3LjQwMyAzMDAuODA4IDI3LjU3MjEgMzAwLjgwOCAyNi4zODgxQzMwMC44MDggMjUuMjA0IDI5OS42MjcgMjUuMDM0OCAyOTguNzg0IDI1LjAzNDhDMjk3LjYwNCAyNS4wMzQ4IDI5Ni43NjEgMjUuNTQyMyAyOTYuNTkyIDI2LjU1NzJIMjk0LjRDMjk0LjU2OCAyNC4wMTk5IDI5Ni43NjEgMjMuMzQzMyAyOTguNzg0IDIzLjM0MzNDMzAwLjYzOSAyMy4zNDMzIDMwMi42NjMgMjQuMTg5MSAzMDIuNjYzIDI2LjIxODlWMzEuMjkzNUgzMDNaTTMwMC44MDggMjguNTg3MUMzMDAuMTMzIDI5LjA5NDUgMjk5LjEyMSAyOC45MjU0IDI5OC4xMSAyOS4wOTQ1QzI5Ny4wOTggMjkuMjYzNyAyOTYuNDIzIDI5LjYwMiAyOTYuNDIzIDMwLjc4NjFDMjk2LjQyMyAzMS44MDEgMjk3LjYwNCAzMS45NzAxIDI5OC40NDcgMzEuOTcwMUMyOTkuNDU5IDMxLjk3MDEgMzAwLjgwOCAzMS40NjI3IDMwMC44MDggMzAuMTA5NVYyOC41ODcxWk0zMTQuNjM2IDMzLjQ5MjVIMzEyLjYxM1YzMi4xMzkzQzMxMi4xMDcgMzMuMzIzNCAzMTAuNzU4IDMzLjY2MTcgMzA5LjU3NyAzMy42NjE3QzMwNi41NDIgMzMuNjYxNyAzMDUuMDI0IDMxLjI5MzUgMzA1LjAyNCAyOC40MTc5QzMwNS4wMjQgMjQuODY1NyAzMDcuMjE2IDIzLjM0MzMgMzA5LjI0IDIzLjM0MzNDMzEwLjQyIDIzLjM0MzMgMzExLjc2OSAyMy44NTA3IDMxMi40NDQgMjQuODY1N1YxOS43OTFIMzE0LjYzNlYzMy40OTI1Wk0zMDkuNzQ2IDMyLjEzOTNDMzExLjYwMSAzMi4xMzkzIDMxMi40NDQgMzAuNDQ3OCAzMTIuNDQ0IDI4LjU4NzFDMzEyLjQ0NCAyNi4zODgxIDMxMS40MzIgMjUuMjA0IDMwOS43NDYgMjUuMjA0QzMwNy43MjIgMjUuMjA0IDMwNy4wNDggMjcuMDY0NyAzMDcuMDQ4IDI4Ljc1NjJDMzA3LjA0OCAzMC40NDc4IDMwNy44OTEgMzIuMTM5MyAzMDkuNzQ2IDMyLjEzOTNaTTMyNS4wOTIgMzEuMjkzNUMzMjUuMDkyIDMxLjgwMSAzMjUuMjYgMzEuOTcwMSAzMjUuNTk4IDMxLjk3MDFDMzI1Ljc2NiAzMS45NzAxIDMyNS45MzUgMzEuOTcwMSAzMjYuMTA0IDMxLjk3MDFWMzMuNDkyNUMzMjUuNzY2IDMzLjY2MTcgMzI1LjA5MiAzMy42NjE3IDMyNC43NTUgMzMuNjYxN0MzMjMuOTExIDMzLjY2MTcgMzIzLjIzNyAzMy4zMjM0IDMyMy4wNjggMzIuNDc3NkMzMjIuMjI1IDMzLjMyMzQgMzIwLjg3NiAzMy42NjE3IDMxOS42OTUgMzMuNjYxN0MzMTguMDA5IDMzLjY2MTcgMzE2LjMyMyAzMi42NDY4IDMxNi4zMjMgMzAuNzg2MUMzMTYuMzIzIDI4LjI0ODggMzE4LjM0NiAyNy45MTA0IDMyMC4wMzMgMjcuNzQxM0MzMjEuNTUgMjcuNDAzIDMyMi45IDI3LjU3MjEgMzIyLjkgMjYuMzg4MUMzMjIuOSAyNS4yMDQgMzIxLjcxOSAyNS4wMzQ4IDMyMC44NzYgMjUuMDM0OEMzMTkuNjk1IDI1LjAzNDggMzE4Ljg1MiAyNS41NDIzIDMxOC42ODQgMjYuNTU3MkgzMTYuNDkxQzMxNi42NiAyNC4wMTk5IDMxOC44NTIgMjMuMzQzMyAzMjAuODc2IDIzLjM0MzNDMzIyLjczMSAyMy4zNDMzIDMyNC43NTUgMjQuMTg5MSAzMjQuNzU1IDI2LjIxODlWMzEuMjkzNUgzMjUuMDkyWk0zMjIuOSAyOC41ODcxQzMyMi4yMjUgMjkuMDk0NSAzMjEuMjEzIDI4LjkyNTQgMzIwLjIwMSAyOS4wOTQ1QzMxOS4xODkgMjkuMjYzNyAzMTguNTE1IDI5LjYwMiAzMTguNTE1IDMwLjc4NjFDMzE4LjUxNSAzMS44MDEgMzE5LjY5NSAzMS45NzAxIDMyMC41MzkgMzEuOTcwMUMzMjEuNTUgMzEuOTcwMSAzMjIuOSAzMS40NjI3IDMyMi45IDMwLjEwOTVWMjguNTg3MVoiIGZpbGw9ImJsYWNrIi8+Cjwvc3ZnPgo="
          />
        </a>
        <section
          class="ds-flex md:ds-hidden"
        >
          <h2
            class="ds-sr-only"
          >
            Language Selection
          </h2>
          <a
            class="ds-underline ds-text-multi-blue-blue70b ds-font-body ds-text-browserh5 ds-leading-33px hover:ds-text-multi-blue-blue50b"
            data-cy="lang2"
            href="./fr.html"
            id="lang2"
          >
            <span
              class="ds-language-toggle-text"
            >
              Français
            </span>
            <abbr
              class="ds-language-toggle-abbr"
              title="Français"
            >
              FR
            </abbr>
          </a>
        </section>
        <section
          class="ds-w-full md:ds-flex md:ds-w-332px ds-py-2"
        >
          <form
            class="ds-w-full ds-flex ds-justify-end ds-items-center"
            name="search-box"
            role="search"
          >
            <label
              class="ds-sr-only ds-search-label"
              for="search-input"
            >
              Search Canada.ca
            </label>
            <input
              class="ds-search-input"
              id="search-input"
              placeholder="Search Canada.ca"
              type="search"
            />
            <div
              class="ds-search-button"
            >
              <button
                title="Search bar button"
                type="submit"
              >
                <img
                  alt="Search Service Canada"
                  class="ds-search-icon ds-undefined"
                  src="data:image/svg+xml;base64,PHN2ZyB3aWR0aD0iMTciIGhlaWdodD0iMTgiIHZpZXdCb3g9IjAgMCAxNyAxOCIgZmlsbD0ibm9uZSIgeG1sbnM9Imh0dHA6Ly93d3cudzMub3JnLzIwMDAvc3ZnIj4KPHBhdGggZD0iTTEyLjE0NDIgMTAuODIyOUgxMS4zODcxTDExLjExODggMTAuNTY0MkMxMi4wNTggOS40NzE2NyAxMi42MjM0IDguMDUzMzMgMTIuNjIzNCA2LjUxMDQyQzEyLjYyMzQgMy4wNyA5LjgzNDYyIDAuMjgxMjUgNi4zOTQyMSAwLjI4MTI1QzIuOTUzNzkgMC4yODEyNSAwLjE2NTAzOSAzLjA3IDAuMTY1MDM5IDYuNTEwNDJDMC4xNjUwMzkgOS45NTA4MyAyLjk1Mzc5IDEyLjczOTYgNi4zOTQyMSAxMi43Mzk2QzcuOTM3MTIgMTIuNzM5NiA5LjM1NTQ2IDEyLjE3NDIgMTAuNDQ4IDExLjIzNUwxMC43MDY3IDExLjUwMzNWMTIuMjYwNEwxNS40OTg0IDE3LjA0MjVMMTYuOTI2MyAxNS42MTQ2TDEyLjE0NDIgMTAuODIyOVpNNi4zOTQyMSAxMC44MjI5QzQuMDA3OTYgMTAuODIyOSAyLjA4MTcxIDguODk2NjcgMi4wODE3MSA2LjUxMDQyQzIuMDgxNzEgNC4xMjQxNyA0LjAwNzk2IDIuMTk3OTIgNi4zOTQyMSAyLjE5NzkyQzguNzgwNDYgMi4xOTc5MiAxMC43MDY3IDQuMTI0MTcgMTAuNzA2NyA2LjUxMDQyQzEwLjcwNjcgOC44OTY2NyA4Ljc4MDQ2IDEwLjgyMjkgNi4zOTQyMSAxMC44MjI5WiIgZmlsbD0id2hpdGUiLz4KPC9zdmc+Cg=="
                />
              </button>
            </div>
          </form>
        </section>
        <section
          class="ds-hidden md:ds-flex ds-pl-4 ds-pr-8 md:ds-pr-0"
        >
          <h2
            class="ds-sr-only"
          >
            Language Selection
          </h2>
          <a
            class="ds-underline ds-text-multi-blue-blue70b ds-font-body ds-text-browserh5 ds-leading-33px hover:ds-text-multi-blue-blue50b"
            data-cy="lang1"
            href="./fr.html"
            id="lang1"
          >
            <span
              class="ds-language-toggle-text"
            >
              Français
            </span>
            <abbr
              class="ds-language-toggle-abbr"
              title="Français"
            >
              FR
            </abbr>
          </a>
        </section>
      </div>
      <div
        class="ds-headerNav ds-bg-multi-blue-blue70"
      >
        <nav
          class="md:ds-container ds-flex ds-items-center ds-justify-between ds-flex-wrap ds-w-full ds-relative"
        >
          <div
            class="ds-flex ds-items-center ds-flex-shrink-0 ds-text-white"
          >
            <h3
              class="md:ds-p-0 ds-container ds-menuHeader"
              id="mainSiteNav"
            >
              Service Canada
            </h3>
          </div>
          <div
            class="ds-menuButtonParent ds-block md:ds-hidden ds-pr-4 focus:ds-bg-multi-blue-blue2 ds-text-white ds-border-l-2 ds-border-white"
            id="menuButtonParent"
          >
            <button
              aria-controls="menuDropdown"
              aria-expanded="false"
              aria-haspopup="true"
              class="ds-text-h4 ds-text-canada-footer-font focus:ds-outline-none ds-py-4"
              data-testid="menuButton"
              id="menuButton"
            >
              <span
                class="ds-inline-block ds-align-middle ds-pl-3 ds-font-body ds-font-bold ds-text-p ds-leading-none"
              >
                MENU
              </span>
              <svg
                class="ds-ml-1 ds-w-4 ds-h-4 ds-inline-block"
                fill="currentColor"
                viewBox="0 0 20 20"
                xmlns="http://www.w3.org/2000/svg"
              >
                <path
                  clip-rule="evenodd"
                  d="M5.293 7.293a1 1 0 011.414 0L10 10.586l3.293-3.293a1 1 0 111.414 1.414l-4 4a1 1 0 01-1.414 0l-4-4a1 1 0 010-1.414z"
                  fill-rule="evenodd"
                />
              </svg>
            </button>
          </div>
          <div
            class="ds-w-full ds-block ds-flex-grow md:ds-flex md:ds-items-center md:ds-w-auto ds-bg-multi-blue-blue2 md:ds-bg-multi-blue-blue70"
          >
            <div
              class="md:ds-flex-grow md:ds-text-center md:ds-flex ds-hidden"
            >
              <ul
                class="false ds-menuDropdown ds-w-full"
                id="menuDropdown"
              >
                <li
                  class="ds-py-4 ds-px-4 ds-inline-block ds-cursor-pointer ds-text-custom-blue-projects-link md:ds-text-white ds-text-gray-700 "
                >
                  <a
                    class="ds-font-body ds-font-bold ds-leading-20px  ds-menuLink"
                    href="/dashboard"
                    title="Services"
                  >
                    Services
                  </a>
                </li>
                <li
                  class="ds-py-4 ds-px-4 ds-inline-block ds-cursor-pointer ds-text-custom-blue-projects-link md:ds-text-white ds-text-gray-700 "
                >
                  <a
                    class="ds-font-body ds-font-bold ds-leading-20px  ds-menuLink"
                    href="/dashboard"
                    title="Life Events"
                  >
                    Life Events
                  </a>
                </li>
                <li
                  class="ds-py-4 ds-px-4 ds-inline-block ds-cursor-pointer ds-text-custom-blue-projects-link md:ds-text-white ds-text-gray-700 "
                >
                  <a
                    class="ds-font-body ds-font-bold ds-leading-20px  ds-menuLink"
                    href="/dashboard"
                    title="Contact us"
                  >
                    Contact us
                  </a>
                </li>
              </ul>
            </div>
            <div>
              <ul
                class="ds-menuDropdown ds-menuRight md:ds-text-white ds-text-gray-700 sm:ds-w-full sm:ds-left-0"
                id="menuDropdownSub"
              >
                <li
                  class="ds-py-18px ds-px-18px md:ds-hidden ds-cursor-pointer ds-text-custom-blue-projects-link md:ds-text-white ds-text-gray-700 "
                >
                  <a
                    class="ds-font-body ds-font-bold ds-text-base ds-menuLink
                        "
                    href="/dashboard"
                    title="Services"
                  >
                    Services
                  </a>
                </li>
                <li
                  class="ds-py-18px ds-px-18px md:ds-hidden ds-cursor-pointer ds-text-custom-blue-projects-link md:ds-text-white ds-text-gray-700 "
                >
                  <a
                    class="ds-font-body ds-font-bold ds-text-base ds-menuLink
                        "
                    href="/dashboard"
                    title="Life Events"
                  >
                    Life Events
                  </a>
                </li>
                <li
                  class="ds-py-18px ds-px-18px md:ds-hidden ds-cursor-pointer ds-text-custom-blue-projects-link md:ds-text-white ds-text-gray-700 "
                >
                  <a
                    class="ds-font-body ds-font-bold ds-text-base ds-menuLink
                        "
                    href="/dashboard"
                    title="Contact us"
                  >
                    Contact us
                  </a>
                </li>
                <li
                  class="ds-py-4 md:ds-pl-0 md:ds-pr-0 ds-buttonNav"
                  id="buttonNav"
                >
                  <button
                    class="ds-flex ds-whitespace-nowrap ds-font-bold ds-font-body ds-justify-between ds-items-center md:ds-py-2px ds-py-18px ds-pl-4 sm:ds-pt-0 ds-pr-4 md:ds-pl-3 ds-w-full"
                    data-dropdown-toggle="dropdownNavbar"
                    id="dropdownNavbarLink"
                  >
                    My Service Canada Account
                    <svg
                      class="ds-ml-1 ds-w-4 ds-h-4"
                      fill="currentColor"
                      viewBox="0 0 20 20"
                      xmlns="http://www.w3.org/2000/svg"
                    >
                      <path
                        clip-rule="evenodd"
                        d="M5.293 7.293a1 1 0 011.414 0L10 10.586l3.293-3.293a1 1 0 111.414 1.414l-4 4a1 1 0 01-1.414 0l-4-4a1 1 0 010-1.414z"
                        fill-rule="evenodd"
                      />
                    </svg>
                  </button>
                  <div
                    class="ds-dropdown-menu ds-hidden md:ds-absolute ds-z-10 ds-top-60px ds-text-base ds-list-none ds-bg-blue2 ds-rounded ds-divide-y ds-divide-gray-100 dark:ds-bg-gray-700 dark:ds-divide-gray-600"
                  >
                    <ul
                      aria-labelledby="dropdownLargeButton"
                      class="ds-py-0"
                      id="dropdownNavbar"
                    >
                      <li>
                        <a
                          class="ds-block ds-whitespace-nowrap ds-py-18px ds-pl-38px md:ds-pl-4 ds-pr-42px ds-text-gray-700 ds-bg-multi-blue-blue2 ds-font-bold ds-font-body "
                          href="/"
                        >
                          My Benefits and Services
                        </a>
                      </li>
                      <li>
                        <a
                          class="ds-block ds-whitespace-nowrap ds-py-18px ds-pl-38px md:ds-pl-4 ds-pr-42px ds-text-gray-700 ds-bg-multi-blue-blue2 ds-font-bold ds-font-body"
                          href="/"
                        >
                          Account settings
                        </a>
                      </li>
                      <li>
                        <a
                          class="ds-block ds-whitespace-nowrap ds-py-18px ds-pl-38px md:ds-pl-4 ds-pr-42px ds-text-gray-700 ds-bg-multi-blue-blue2 ds-font-bold ds-font-body"
                          href="/"
                        >
                          Switch to CRA My Account
                        </a>
                      </li>
                      <li>
                        <a
                          class="ds-block ds-whitespace-nowrap ds-py-18px  ds-pl-38px md:ds-pl-4 ds-pr-42px ds-text-gray-700 ds-bg-multi-blue-blue2 ds-font-bold ds-font-body"
                          href="/"
                        >
                          Sign Out
                        </a>
                      </li>
                    </ul>
                  </div>
                </li>
              </ul>
            </div>
          </div>
        </nav>
      </div>
    </header>
  </div>
</div>
`;
