// Jest Snapshot v1, https://goo.gl/fbAQLP

exports[`BenefitCardHeaderPending Tests renders the Header of a Pending Benefit 1`] = `
Object {
  "asFragment": [Function],
  "baseElement": <body>
    <div>
      <div
        class="layout-container"
      >
        <div
          class="flex mr-12 justify-end"
        >
          <h2
            class="font-bold font-display text-lg px-5 py-1 ml-8 mb-5 rounded-b-md bg-orange-pending"
          />
        </div>
        <div
          class="mx-auto sm:grid sm:grid-cols-4 sm:divide-x-2"
        >
          <div
            class="col-span-1 py-4 md:px-0 lg:px-3"
            id="benefitName"
          >
            <div
              class="font-bold font-display text-4xl sm:text-2xl lg:text-4xl mb-2 w-44 sm:w-32 lg:w-44"
            />
          </div>
          <div
            class="sm:hidden w-1/3 flex-grow border-t border-gray-light"
          />
          <div
            class="font-display col-span-3 sm:grid grid-cols-3"
            id="paymentStartDate"
          >
            <div
              class="py-4 sm:pl-10"
              id="paymentEndDate"
            >
              <p
                class="text-base"
              />
              <p
                class="font-bold text-lg"
              />
            </div>
            <div
              class="py-4 sm:pl-10"
              id="paymentEndDate"
            >
              <p
                class="text-base w-44"
              />
              <p
                class="font-bold text-lg"
              />
            </div>
            <div
              class="py-4 sm:pl-10"
              id="paymentEndDate"
            >
              <p
                class="font-display font-bold text-lg"
              >
                Progressbar
              </p>
              <p
                class="font-display text-base"
              >
                4 out of 6 review
              </p>
              <p
                class="font-display text-base"
              >
                steps complete
              </p>
            </div>
          </div>
        </div>
      </div>
    </div>
  </body>,
  "container": <div>
    <div
      class="layout-container"
    >
      <div
        class="flex mr-12 justify-end"
      >
        <h2
          class="font-bold font-display text-lg px-5 py-1 ml-8 mb-5 rounded-b-md bg-orange-pending"
        />
      </div>
      <div
        class="mx-auto sm:grid sm:grid-cols-4 sm:divide-x-2"
      >
        <div
          class="col-span-1 py-4 md:px-0 lg:px-3"
          id="benefitName"
        >
          <div
            class="font-bold font-display text-4xl sm:text-2xl lg:text-4xl mb-2 w-44 sm:w-32 lg:w-44"
          />
        </div>
        <div
          class="sm:hidden w-1/3 flex-grow border-t border-gray-light"
        />
        <div
          class="font-display col-span-3 sm:grid grid-cols-3"
          id="paymentStartDate"
        >
          <div
            class="py-4 sm:pl-10"
            id="paymentEndDate"
          >
            <p
              class="text-base"
            />
            <p
              class="font-bold text-lg"
            />
          </div>
          <div
            class="py-4 sm:pl-10"
            id="paymentEndDate"
          >
            <p
              class="text-base w-44"
            />
            <p
              class="font-bold text-lg"
            />
          </div>
          <div
            class="py-4 sm:pl-10"
            id="paymentEndDate"
          >
            <p
              class="font-display font-bold text-lg"
            >
              Progressbar
            </p>
            <p
              class="font-display text-base"
            >
              4 out of 6 review
            </p>
            <p
              class="font-display text-base"
            >
              steps complete
            </p>
          </div>
        </div>
      </div>
    </div>
  </div>,
  "debug": [Function],
  "findAllByAltText": [Function],
  "findAllByDisplayValue": [Function],
  "findAllByLabelText": [Function],
  "findAllByPlaceholderText": [Function],
  "findAllByRole": [Function],
  "findAllByTestId": [Function],
  "findAllByText": [Function],
  "findAllByTitle": [Function],
  "findByAltText": [Function],
  "findByDisplayValue": [Function],
  "findByLabelText": [Function],
  "findByPlaceholderText": [Function],
  "findByRole": [Function],
  "findByTestId": [Function],
  "findByText": [Function],
  "findByTitle": [Function],
  "getAllByAltText": [Function],
  "getAllByDisplayValue": [Function],
  "getAllByLabelText": [Function],
  "getAllByPlaceholderText": [Function],
  "getAllByRole": [Function],
  "getAllByTestId": [Function],
  "getAllByText": [Function],
  "getAllByTitle": [Function],
  "getByAltText": [Function],
  "getByDisplayValue": [Function],
  "getByLabelText": [Function],
  "getByPlaceholderText": [Function],
  "getByRole": [Function],
  "getByTestId": [Function],
  "getByText": [Function],
  "getByTitle": [Function],
  "queryAllByAltText": [Function],
  "queryAllByDisplayValue": [Function],
  "queryAllByLabelText": [Function],
  "queryAllByPlaceholderText": [Function],
  "queryAllByRole": [Function],
  "queryAllByTestId": [Function],
  "queryAllByText": [Function],
  "queryAllByTitle": [Function],
  "queryByAltText": [Function],
  "queryByDisplayValue": [Function],
  "queryByLabelText": [Function],
  "queryByPlaceholderText": [Function],
  "queryByRole": [Function],
  "queryByTestId": [Function],
  "queryByText": [Function],
  "queryByTitle": [Function],
  "rerender": [Function],
  "unmount": [Function],
}
`;
